2026-06-25T20:02:36.493054Z  INFO herdr::logging: herdr starting event="app.startup" subsystem="client" outcome="started" pid=11340
2026-06-25T20:02:36.493229Z  INFO herdr::client: connecting to server path=C:\Users\rnldc_kvkk1y2\AppData\Roaming\herdr\herdr-client.sock
2026-06-25T20:02:36.493666Z  INFO herdr::client: handshake succeeded version=14 encoding=SemanticFrame
2026-06-25T20:23:30.232871Z  INFO herdr::logging: herdr starting event="app.startup" subsystem="client" outcome="started" pid=10668
2026-06-25T20:23:30.233068Z  INFO herdr::client: connecting to server path=C:\Users\rnldc_kvkk1y2\AppData\Roaming\herdr\herdr-client.sock
2026-06-25T20:23:30.235509Z  INFO herdr::client: handshake succeeded version=14 encoding=SemanticFrame
2026-06-25T20:23:47.295802Z  WARN herdr::raw_input: flushing lone escape after input timeout; if this follows an alt chord or focus switch it may reach the pane as plain esc bytes=[27]
2026-06-25T20:25:51.783252Z  INFO herdr::logging: herdr starting event="app.startup" subsystem="client" outcome="started" pid=17076
2026-06-25T20:25:51.783589Z  INFO herdr::client: connecting to server path=C:\Users\rnldc_kvkk1y2\AppData\Roaming\herdr\herdr-client.sock
2026-06-25T20:25:51.784360Z  INFO herdr::client: handshake succeeded version=14 encoding=SemanticFrame
2026-06-25T20:28:31.499040Z  INFO herdr::logging: herdr starting event="app.startup" subsystem="client" outcome="started" pid=22780
2026-06-25T20:28:31.499243Z  INFO herdr::client: connecting to server path=C:\Users\rnldc_kvkk1y2\AppData\Roaming\herdr\herdr-client.sock
2026-06-25T20:28:31.499877Z  INFO herdr::client: handshake succeeded version=14 encoding=SemanticFrame
2026-06-25T20:43:31.844262Z  INFO herdr::logging: herdr starting event="app.startup" subsystem="client" outcome="started" pid=14116
2026-06-25T20:43:31.844530Z  INFO herdr::client: connecting to server path=C:\Users\rnldc_kvkk1y2\AppData\Roaming\herdr\herdr-client.sock
2026-06-25T20:43:31.851505Z  INFO herdr::client: handshake succeeded version=14 encoding=SemanticFrame
2026-06-25T20:43:56.092187Z  WARN herdr::raw_input: flushing lone escape after input timeout; if this follows an alt chord or focus switch it may reach the pane as plain esc bytes=[27]
2026-06-25T20:46:30.195328Z  INFO herdr::logging: herdr starting event="app.startup" subsystem="client" outcome="started" pid=19980
2026-06-25T20:46:30.195755Z  INFO herdr::client: connecting to server path=C:\Users\rnldc_kvkk1y2\AppData\Roaming\herdr\herdr-client.sock
2026-06-25T20:46:30.197001Z  INFO herdr::client: handshake succeeded version=14 encoding=SemanticFrame
2026-06-26T12:39:15.911236Z  INFO herdr::logging: herdr starting event="app.startup" subsystem="client" outcome="started" pid=22460
2026-06-26T12:39:15.911656Z  INFO herdr::client: connecting to server path=C:\Users\rnldc_kvkk1y2\AppData\Roaming\herdr\herdr-client.sock
2026-06-26T12:39:15.911940Z  INFO herdr::client: handshake succeeded version=14 encoding=SemanticFrame
2026-06-26T12:39:27.148823Z  WARN herdr::raw_input: flushing lone escape after input timeout; if this follows an alt chord or focus switch it may reach the pane as plain esc bytes=[27]
2026-06-26T12:43:06.417147Z  INFO herdr::logging: herdr exiting event="app.shutdown" subsystem="client" outcome="completed" pid=22460
2026-06-26T12:45:34.786743Z  INFO herdr::logging: herdr starting event="app.startup" subsystem="client" outcome="started" pid=9264
2026-06-26T12:45:34.786840Z  INFO herdr::client: connecting to server path=C:\Users\rnldc_kvkk1y2\AppData\Roaming\herdr\herdr-client.sock
2026-06-26T12:45:34.787151Z  INFO herdr::client: handshake succeeded version=14 encoding=SemanticFrame
2026-06-26T12:53:52.241498Z  INFO herdr::logging: herdr exiting event="app.shutdown" subsystem="client" outcome="completed" pid=9264
2026-06-26T13:03:29.412379Z  INFO herdr::logging: herdr starting event="app.startup" subsystem="client" outcome="started" pid=23740
2026-06-26T13:03:29.412444Z  INFO herdr::client: connecting to server path=C:\Users\rnldc_kvkk1y2\AppData\Roaming\herdr\herdr-client.sock
2026-06-26T13:03:29.412721Z  INFO herdr::client: handshake succeeded version=14 encoding=SemanticFrame
2026-06-26T13:07:15.113106Z  INFO herdr::logging: herdr exiting event="app.shutdown" subsystem="client" outcome="completed" pid=23740
2026-06-26T13:08:22.973816Z  INFO herdr::logging: herdr starting event="app.startup" subsystem="client" outcome="started" pid=14444
2026-06-26T13:08:22.973970Z  INFO herdr::client: connecting to server path=C:\Users\rnldc_kvkk1y2\AppData\Roaming\herdr\herdr-client.sock
2026-06-26T13:08:22.974355Z  INFO herdr::client: handshake succeeded version=14 encoding=SemanticFrame
2026-06-26T13:11:55.758635Z  INFO herdr::logging: herdr starting event="app.startup" subsystem="client" outcome="started" pid=22880
2026-06-26T13:11:55.758714Z  INFO herdr::client: connecting to server path=C:\Users\rnldc_kvkk1y2\AppData\Roaming\herdr\herdr-client.sock
2026-06-26T13:11:55.758985Z  INFO herdr::client: handshake succeeded version=14 encoding=SemanticFrame
2026-06-26T13:11:57.923871Z  WARN herdr::raw_input: flushing lone escape after input timeout; if this follows an alt chord or focus switch it may reach the pane as plain esc bytes=[27]
2026-06-26T13:11:59.854566Z  WARN herdr::raw_input: flushing lone escape after input timeout; if this follows an alt chord or focus switch it may reach the pane as plain esc bytes=[27]
2026-06-26T13:12:02.673725Z  WARN herdr::raw_input: flushing lone escape after input timeout; if this follows an alt chord or focus switch it may reach the pane as plain esc bytes=[27]
2026-06-26T13:19:48.032955Z  INFO herdr::logging: herdr starting event="app.startup" subsystem="client" outcome="started" pid=14448
2026-06-26T13:19:48.033108Z  INFO herdr::client: connecting to server path=C:\Users\rnldc_kvkk1y2\AppData\Roaming\herdr\herdr-client.sock
2026-06-26T13:19:48.033751Z  INFO herdr::client: handshake succeeded version=14 encoding=SemanticFrame
2026-06-26T13:19:57.288409Z  WARN herdr::raw_input: flushing lone escape after input timeout; if this follows an alt chord or focus switch it may reach the pane as plain esc bytes=[27]
2026-06-26T13:19:59.710471Z  WARN herdr::raw_input: flushing lone escape after input timeout; if this follows an alt chord or focus switch it may reach the pane as plain esc bytes=[27]
2026-06-26T13:20:01.104663Z  WARN herdr::raw_input: flushing lone escape after input timeout; if this follows an alt chord or focus switch it may reach the pane as plain esc bytes=[27]
2026-06-26T13:20:02.415742Z  WARN herdr::raw_input: flushing lone escape after input timeout; if this follows an alt chord or focus switch it may reach the pane as plain esc bytes=[27]
2026-06-26T13:20:07.612334Z  WARN herdr::raw_input: flushing lone escape after input timeout; if this follows an alt chord or focus switch it may reach the pane as plain esc bytes=[27]
2026-06-26T13:21:12.116726Z  INFO herdr::logging: herdr exiting event="app.shutdown" subsystem="client" outcome="completed" pid=14448
2026-06-26T13:24:48.297950Z  WARN herdr::config::io: config parse error, using defaults err=TOML parse error at line 8, column 23
  |
8 | default_shell = "pwsh"]
  |                       ^
expected newline, `#`

2026-06-26T13:24:48.298109Z  INFO herdr::logging: herdr starting event="app.startup" subsystem="client" outcome="started" pid=5700
2026-06-26T13:24:48.298130Z  INFO herdr::client: connecting to server path=C:\Users\rnldc_kvkk1y2\AppData\Roaming\herdr\herdr-client.sock
2026-06-26T13:24:48.298672Z  INFO herdr::client: handshake succeeded version=14 encoding=SemanticFrame
2026-06-26T13:25:06.026729Z  INFO herdr::logging: herdr exiting event="app.shutdown" subsystem="client" outcome="completed" pid=5700
2026-06-26T13:25:19.228413Z  WARN herdr::config::io: config parse error, using defaults err=TOML parse error at line 8, column 23
  |
8 | default_shell = "pwsh"]
  |                       ^
expected newline, `#`

2026-06-26T13:25:19.228547Z  INFO herdr::logging: herdr starting event="app.startup" subsystem="client" outcome="started" pid=23588
2026-06-26T13:25:19.228583Z  INFO herdr::client: connecting to server path=C:\Users\rnldc_kvkk1y2\AppData\Roaming\herdr\herdr-client.sock
2026-06-26T13:25:19.229122Z  INFO herdr::client: handshake succeeded version=14 encoding=SemanticFrame
2026-06-26T13:25:45.492438Z  INFO herdr::logging: herdr exiting event="app.shutdown" subsystem="client" outcome="completed" pid=23588
2026-06-26T13:26:11.338669Z  INFO herdr::logging: herdr starting event="app.startup" subsystem="client" outcome="started" pid=7888
2026-06-26T13:26:11.338815Z  INFO herdr::client: connecting to server path=C:\Users\rnldc_kvkk1y2\AppData\Roaming\herdr\herdr-client.sock
2026-06-26T13:26:11.339457Z  INFO herdr::client: handshake succeeded version=14 encoding=SemanticFrame
2026-06-26T13:26:26.557220Z  INFO herdr::logging: herdr starting event="app.startup" subsystem="client" outcome="started" pid=24024
2026-06-26T13:26:26.557287Z  INFO herdr::client: connecting to server path=C:\Users\rnldc_kvkk1y2\AppData\Roaming\herdr\herdr-client.sock
2026-06-26T13:26:26.557722Z  INFO herdr::client: handshake succeeded version=14 encoding=SemanticFrame
2026-06-26T13:26:29.690561Z  INFO herdr::logging: herdr exiting event="app.shutdown" subsystem="client" outcome="completed" pid=24024
2026-06-26T13:26:38.211859Z  INFO herdr::logging: herdr starting event="app.startup" subsystem="client" outcome="started" pid=9132
2026-06-26T13:26:38.212101Z  INFO herdr::client: connecting to server path=C:\Users\rnldc_kvkk1y2\AppData\Roaming\herdr\herdr-client.sock
2026-06-26T13:26:38.221649Z  INFO herdr::client: handshake succeeded version=14 encoding=SemanticFrame
2026-06-26T13:26:53.925053Z  INFO herdr::logging: herdr exiting event="app.shutdown" subsystem="client" outcome="completed" pid=9132
2026-06-26T13:34:12.616833Z  INFO herdr::logging: herdr starting event="app.startup" subsystem="client" outcome="started" pid=23300
2026-06-26T13:34:12.616972Z  INFO herdr::client: connecting to server path=C:\Users\rnldc_kvkk1y2\AppData\Roaming\herdr\herdr-client.sock
2026-06-26T13:34:12.617351Z  INFO herdr::client: handshake succeeded version=14 encoding=SemanticFrame
2026-06-26T13:34:40.999894Z  INFO herdr::logging: herdr exiting event="app.shutdown" subsystem="client" outcome="completed" pid=23300
2026-06-26T13:34:51.027599Z  INFO herdr::logging: herdr starting event="app.startup" subsystem="client" outcome="started" pid=20448
2026-06-26T13:34:51.027689Z  INFO herdr::client: connecting to server path=C:\Users\rnldc_kvkk1y2\AppData\Roaming\herdr\herdr-client.sock
2026-06-26T13:34:51.028054Z  INFO herdr::client: handshake succeeded version=14 encoding=SemanticFrame
2026-06-26T13:39:20.408312Z  INFO herdr::logging: herdr starting event="app.startup" subsystem="client" outcome="started" pid=18772
2026-06-26T13:39:20.408426Z  INFO herdr::client: connecting to server path=C:\Users\rnldc_kvkk1y2\AppData\Roaming\herdr\herdr-client.sock
2026-06-26T13:39:20.408793Z  INFO herdr::client: handshake succeeded version=14 encoding=SemanticFrame
2026-06-26T13:39:27.779216Z  WARN herdr::raw_input: flushing lone escape after input timeout; if this follows an alt chord or focus switch it may reach the pane as plain esc bytes=[27]
2026-06-26T13:39:41.303159Z  WARN herdr::raw_input: flushing lone escape after input timeout; if this follows an alt chord or focus switch it may reach the pane as plain esc bytes=[27]
2026-06-26T13:39:41.831272Z  WARN herdr::raw_input: flushing lone escape after input timeout; if this follows an alt chord or focus switch it may reach the pane as plain esc bytes=[27]
2026-06-26T13:39:42.017440Z  WARN herdr::raw_input: flushing lone escape after input timeout; if this follows an alt chord or focus switch it may reach the pane as plain esc bytes=[27]
2026-06-26T13:39:44.018817Z  WARN herdr::raw_input: flushing lone escape after input timeout; if this follows an alt chord or focus switch it may reach the pane as plain esc bytes=[27]
2026-06-26T13:39:44.103408Z  WARN herdr::raw_input: flushing lone escape after input timeout; if this follows an alt chord or focus switch it may reach the pane as plain esc bytes=[27]
2026-06-26T13:39:44.259528Z  WARN herdr::raw_input: flushing lone escape after input timeout; if this follows an alt chord or focus switch it may reach the pane as plain esc bytes=[27]
2026-06-26T13:39:44.430990Z  WARN herdr::raw_input: flushing lone escape after input timeout; if this follows an alt chord or focus switch it may reach the pane as plain esc bytes=[27]
2026-06-26T13:39:44.633101Z  WARN herdr::raw_input: flushing lone escape after input timeout; if this follows an alt chord or focus switch it may reach the pane as plain esc bytes=[27]
2026-06-26T13:40:50.302872Z  INFO herdr::logging: herdr starting event="app.startup" subsystem="client" outcome="started" pid=11536
2026-06-26T13:40:50.302961Z  INFO herdr::client: connecting to server path=C:\Users\rnldc_kvkk1y2\AppData\Roaming\herdr\herdr-client.sock
2026-06-26T13:40:50.314093Z  INFO herdr::client: handshake succeeded version=14 encoding=SemanticFrame
2026-06-26T13:50:28.648884Z  INFO herdr::logging: herdr starting event="app.startup" subsystem="client" outcome="started" pid=5996
2026-06-26T13:50:28.649266Z  INFO herdr::client: connecting to server path=C:\Users\rnldc_kvkk1y2\AppData\Roaming\herdr\herdr-client.sock
2026-06-26T13:50:28.649801Z  INFO herdr::client: handshake succeeded version=14 encoding=SemanticFrame
2026-06-26T13:50:34.888959Z  WARN herdr::raw_input: flushing lone escape after input timeout; if this follows an alt chord or focus switch it may reach the pane as plain esc bytes=[27]
2026-06-26T13:53:54.116926Z  WARN herdr::raw_input: flushing lone escape after input timeout; if this follows an alt chord or focus switch it may reach the pane as plain esc bytes=[27]
2026-06-26T13:53:54.189967Z  WARN herdr::raw_input: flushing lone escape after input timeout; if this follows an alt chord or focus switch it may reach the pane as plain esc bytes=[27]
2026-06-26T13:53:54.346685Z  WARN herdr::raw_input: flushing lone escape after input timeout; if this follows an alt chord or focus switch it may reach the pane as plain esc bytes=[27]
2026-06-26T13:54:48.292987Z  INFO herdr::logging: herdr starting event="app.startup" subsystem="client" outcome="started" pid=20152
2026-06-26T13:54:48.293236Z  INFO herdr::client: connecting to server path=C:\Users\rnldc_kvkk1y2\AppData\Roaming\herdr\herdr-client.sock
2026-06-26T13:54:48.294028Z  INFO herdr::client: handshake succeeded version=14 encoding=SemanticFrame
2026-06-26T13:55:31.085465Z  WARN herdr::raw_input: flushing lone escape after input timeout; if this follows an alt chord or focus switch it may reach the pane as plain esc bytes=[27]
2026-06-26T13:55:38.588417Z  WARN herdr::raw_input: flushing lone escape after input timeout; if this follows an alt chord or focus switch it may reach the pane as plain esc bytes=[27]
2026-06-26T13:56:03.662602Z  WARN herdr::raw_input: flushing lone escape after input timeout; if this follows an alt chord or focus switch it may reach the pane as plain esc bytes=[27]
2026-06-26T14:02:29.452522Z  WARN herdr::raw_input: flushing lone escape after input timeout; if this follows an alt chord or focus switch it may reach the pane as plain esc bytes=[27]
2026-06-26T14:02:58.124557Z  WARN herdr::raw_input: flushing lone escape after input timeout; if this follows an alt chord or focus switch it may reach the pane as plain esc bytes=[27]
2026-06-26T14:03:16.670542Z  WARN herdr::raw_input: flushing lone escape after input timeout; if this follows an alt chord or focus switch it may reach the pane as plain esc bytes=[27]
2026-06-26T14:04:37.997723Z  WARN herdr::raw_input: flushing lone escape after input timeout; if this follows an alt chord or focus switch it may reach the pane as plain esc bytes=[27]
2026-06-26T14:04:55.044368Z  WARN herdr::raw_input: flushing lone escape after input timeout; if this follows an alt chord or focus switch it may reach the pane as plain esc bytes=[27]
2026-06-29T12:23:07.007295Z  INFO herdr::logging: herdr starting event="app.startup" subsystem="client" outcome="started" pid=9492
2026-06-29T12:23:07.008301Z  INFO herdr::client: connecting to server path=C:\Users\rnldc_kvkk1y2\AppData\Roaming\herdr\herdr-client.sock
2026-06-29T12:23:07.008946Z  INFO herdr::client: handshake succeeded version=14 encoding=SemanticFrame
2026-06-29T12:24:52.399421Z  WARN herdr::raw_input: flushing lone escape after input timeout; if this follows an alt chord or focus switch it may reach the pane as plain esc bytes=[27]
2026-06-29T12:25:21.372471Z  WARN herdr::raw_input: flushing lone escape after input timeout; if this follows an alt chord or focus switch it may reach the pane as plain esc bytes=[27]
2026-06-29T12:25:35.500600Z  WARN herdr::raw_input: flushing lone escape after input timeout; if this follows an alt chord or focus switch it may reach the pane as plain esc bytes=[27]
2026-06-29T12:25:48.714506Z  WARN herdr::raw_input: flushing lone escape after input timeout; if this follows an alt chord or focus switch it may reach the pane as plain esc bytes=[27]
2026-06-29T12:32:04.043889Z  WARN herdr::raw_input: flushing lone escape after input timeout; if this follows an alt chord or focus switch it may reach the pane as plain esc bytes=[27]
2026-06-29T12:32:26.483724Z  WARN herdr::raw_input: flushing lone escape after input timeout; if this follows an alt chord or focus switch it may reach the pane as plain esc bytes=[27]
2026-06-29T12:32:32.218261Z  WARN herdr::raw_input: flushing lone escape after input timeout; if this follows an alt chord or focus switch it may reach the pane as plain esc bytes=[27]
2026-06-29T12:32:37.029653Z  WARN herdr::raw_input: flushing lone escape after input timeout; if this follows an alt chord or focus switch it may reach the pane as plain esc bytes=[27]
2026-06-29T12:32:37.184104Z  WARN herdr::raw_input: flushing lone escape after input timeout; if this follows an alt chord or focus switch it may reach the pane as plain esc bytes=[27]
2026-06-29T12:33:05.892694Z  WARN herdr::raw_input: flushing lone escape after input timeout; if this follows an alt chord or focus switch it may reach the pane as plain esc bytes=[27]
2026-06-29T12:33:25.473534Z  WARN herdr::raw_input: flushing lone escape after input timeout; if this follows an alt chord or focus switch it may reach the pane as plain esc bytes=[27]
2026-06-29T12:33:28.497660Z  WARN herdr::raw_input: flushing lone escape after input timeout; if this follows an alt chord or focus switch it may reach the pane as plain esc bytes=[27]
2026-06-29T12:33:47.787198Z  WARN herdr::raw_input: flushing lone escape after input timeout; if this follows an alt chord or focus switch it may reach the pane as plain esc bytes=[27]
2026-06-29T12:33:51.977782Z  WARN herdr::raw_input: flushing lone escape after input timeout; if this follows an alt chord or focus switch it may reach the pane as plain esc bytes=[27]
2026-06-29T12:33:52.119284Z  WARN herdr::raw_input: flushing lone escape after input timeout; if this follows an alt chord or focus switch it may reach the pane as plain esc bytes=[27]
2026-06-29T12:34:43.381570Z  WARN herdr::raw_input: flushing lone escape after input timeout; if this follows an alt chord or focus switch it may reach the pane as plain esc bytes=[27]
2026-06-29T12:35:49.613215Z  WARN herdr::raw_input: flushing lone escape after input timeout; if this follows an alt chord or focus switch it may reach the pane as plain esc bytes=[27]
2026-06-29T12:36:15.519172Z  WARN herdr::raw_input: flushing lone escape after input timeout; if this follows an alt chord or focus switch it may reach the pane as plain esc bytes=[27]
2026-06-29T12:36:46.040299Z  WARN herdr::raw_input: flushing lone escape after input timeout; if this follows an alt chord or focus switch it may reach the pane as plain esc bytes=[27]
2026-06-29T12:36:56.522010Z  WARN herdr::raw_input: flushing lone escape after input timeout; if this follows an alt chord or focus switch it may reach the pane as plain esc bytes=[27]
2026-06-29T12:37:32.193365Z  WARN herdr::raw_input: flushing lone escape after input timeout; if this follows an alt chord or focus switch it may reach the pane as plain esc bytes=[27]
2026-06-29T12:58:49.190311Z  WARN herdr::raw_input: flushing lone escape after input timeout; if this follows an alt chord or focus switch it may reach the pane as plain esc bytes=[27]
2026-06-29T13:14:26.607084Z  WARN herdr::raw_input: flushing lone escape after input timeout; if this follows an alt chord or focus switch it may reach the pane as plain esc bytes=[27]
2026-06-29T13:38:55.699965Z  INFO herdr::logging: herdr starting event="app.startup" subsystem="client" outcome="started" pid=7160
2026-06-29T13:38:55.700665Z  INFO herdr::client: connecting to server path=C:\Users\rnldc_kvkk1y2\AppData\Roaming\herdr\herdr-client.sock
2026-06-29T13:38:55.702068Z  INFO herdr::client: handshake succeeded version=14 encoding=SemanticFrame
2026-06-29T14:05:52.281565Z  INFO herdr::logging: herdr starting event="app.startup" subsystem="client" outcome="started" pid=16084
2026-06-29T14:05:52.282000Z  INFO herdr::client: connecting to server path=C:\Users\rnldc_kvkk1y2\AppData\Roaming\herdr\herdr-client.sock
2026-06-29T14:05:52.282381Z  INFO herdr::client: handshake succeeded version=14 encoding=SemanticFrame
2026-06-29T14:34:18.399343Z  WARN herdr::raw_input: flushing lone escape after input timeout; if this follows an alt chord or focus switch it may reach the pane as plain esc bytes=[27]
2026-06-29T14:34:31.181204Z  WARN herdr::raw_input: flushing lone escape after input timeout; if this follows an alt chord or focus switch it may reach the pane as plain esc bytes=[27]
2026-06-29T15:53:19.677363Z  INFO herdr::logging: herdr starting event="app.startup" subsystem="client" outcome="started" pid=32592
2026-06-29T15:53:19.677466Z  INFO herdr::client: connecting to server path=C:\Users\rnldc_kvkk1y2\AppData\Roaming\herdr\herdr-client.sock
2026-06-29T15:53:19.684160Z  INFO herdr::client: handshake succeeded version=14 encoding=SemanticFrame
2026-06-29T18:38:32.769390Z  WARN herdr::raw_input: flushing lone escape after input timeout; if this follows an alt chord or focus switch it may reach the pane as plain esc bytes=[27]
2026-06-30T12:51:30.500756Z  INFO herdr::logging: herdr starting event="app.startup" subsystem="client" outcome="started" pid=2752
2026-06-30T12:51:30.501349Z  INFO herdr::client: connecting to server path=C:\Users\rnldc_kvkk1y2\AppData\Roaming\herdr\herdr-client.sock
2026-06-30T12:51:30.501868Z  INFO herdr::client: handshake succeeded version=14 encoding=SemanticFrame
2026-06-30T14:55:02.767154Z  WARN herdr::raw_input: flushing lone escape after input timeout; if this follows an alt chord or focus switch it may reach the pane as plain esc bytes=[27]
2026-06-30T14:55:02.920610Z  WARN herdr::raw_input: flushing lone escape after input timeout; if this follows an alt chord or focus switch it may reach the pane as plain esc bytes=[27]
2026-06-30T14:55:03.076559Z  WARN herdr::raw_input: flushing lone escape after input timeout; if this follows an alt chord or focus switch it may reach the pane as plain esc bytes=[27]
2026-06-30T14:55:03.262949Z  WARN herdr::raw_input: flushing lone escape after input timeout; if this follows an alt chord or focus switch it may reach the pane as plain esc bytes=[27]
2026-06-30T14:55:33.977613Z  WARN herdr::raw_input: flushing lone escape after input timeout; if this follows an alt chord or focus switch it may reach the pane as plain esc bytes=[27]
2026-06-30T14:55:34.990033Z  WARN herdr::raw_input: flushing lone escape after input timeout; if this follows an alt chord or focus switch it may reach the pane as plain esc bytes=[27]
2026-06-30T19:25:56.338700Z  WARN herdr::raw_input: flushing lone escape after input timeout; if this follows an alt chord or focus switch it may reach the pane as plain esc bytes=[27]
2026-06-30T20:44:08.912696Z  INFO herdr::logging: herdr starting event="app.startup" subsystem="client" outcome="started" pid=15172
2026-06-30T20:44:08.913174Z  INFO herdr::client: connecting to server path=C:\Users\rnldc_kvkk1y2\AppData\Roaming\herdr\herdr-client.sock
2026-06-30T20:44:08.916610Z  INFO herdr::client: handshake succeeded version=14 encoding=SemanticFrame
2026-07-01T12:21:10.365852Z  WARN herdr::raw_input: flushing lone escape after input timeout; if this follows an alt chord or focus switch it may reach the pane as plain esc bytes=[27]
2026-07-01T12:21:10.469820Z  WARN herdr::raw_input: flushing lone escape after input timeout; if this follows an alt chord or focus switch it may reach the pane as plain esc bytes=[27]
2026-07-01T12:21:10.594709Z  WARN herdr::raw_input: flushing lone escape after input timeout; if this follows an alt chord or focus switch it may reach the pane as plain esc bytes=[27]
2026-07-01T12:29:39.352720Z  WARN herdr::raw_input: flushing lone escape after input timeout; if this follows an alt chord or focus switch it may reach the pane as plain esc bytes=[27]
2026-07-01T13:04:29.134951Z  WARN herdr::raw_input: flushing lone escape after input timeout; if this follows an alt chord or focus switch it may reach the pane as plain esc bytes=[27]
2026-07-01T20:29:05.788595Z  WARN herdr::raw_input: flushing lone escape after input timeout; if this follows an alt chord or focus switch it may reach the pane as plain esc bytes=[27]
2026-07-01T20:30:55.632026Z  WARN herdr::raw_input: flushing lone escape after input timeout; if this follows an alt chord or focus switch it may reach the pane as plain esc bytes=[27]
2026-07-01T20:31:27.203039Z  WARN herdr::raw_input: flushing lone escape after input timeout; if this follows an alt chord or focus switch it may reach the pane as plain esc bytes=[27]
2026-07-01T20:38:39.614173Z  WARN herdr::raw_input: flushing lone escape after input timeout; if this follows an alt chord or focus switch it may reach the pane as plain esc bytes=[27]
2026-07-02T12:24:13.972902Z  WARN herdr::raw_input: flushing lone escape after input timeout; if this follows an alt chord or focus switch it may reach the pane as plain esc bytes=[27]
2026-07-02T12:32:15.003499Z  WARN herdr::raw_input: flushing lone escape after input timeout; if this follows an alt chord or focus switch it may reach the pane as plain esc bytes=[27]
2026-07-02T13:01:52.787945Z  INFO herdr::logging: herdr starting event="app.startup" subsystem="client" outcome="started" pid=22180
2026-07-02T13:01:52.788086Z  INFO herdr::client: connecting to server path=C:\Users\rnldc_kvkk1y2\AppData\Roaming\herdr\herdr-client.sock
2026-07-02T13:01:52.794600Z  INFO herdr::client: handshake succeeded version=14 encoding=SemanticFrame
2026-07-02T13:04:03.085792Z  WARN herdr::raw_input: flushing lone escape after input timeout; if this follows an alt chord or focus switch it may reach the pane as plain esc bytes=[27]
2026-07-02T13:04:04.501160Z  WARN herdr::raw_input: flushing lone escape after input timeout; if this follows an alt chord or focus switch it may reach the pane as plain esc bytes=[27]
2026-07-02T13:27:06.618987Z  WARN herdr::raw_input: flushing lone escape after input timeout; if this follows an alt chord or focus switch it may reach the pane as plain esc bytes=[27]
2026-07-02T14:31:47.308004Z  WARN herdr::raw_input: flushing lone escape after input timeout; if this follows an alt chord or focus switch it may reach the pane as plain esc bytes=[27]
2026-07-02T14:31:47.362050Z  WARN herdr::raw_input: flushing lone escape after input timeout; if this follows an alt chord or focus switch it may reach the pane as plain esc bytes=[27]
2026-07-02T14:31:47.493675Z  WARN herdr::raw_input: flushing lone escape after input timeout; if this follows an alt chord or focus switch it may reach the pane as plain esc bytes=[27]
2026-07-02T14:47:32.170748Z  WARN herdr::raw_input: flushing lone escape after input timeout; if this follows an alt chord or focus switch it may reach the pane as plain esc bytes=[27]
2026-07-02T14:47:32.335003Z  WARN herdr::raw_input: flushing lone escape after input timeout; if this follows an alt chord or focus switch it may reach the pane as plain esc bytes=[27]
2026-07-02T14:52:41.719003Z  WARN herdr::raw_input: flushing lone escape after input timeout; if this follows an alt chord or focus switch it may reach the pane as plain esc bytes=[27]
2026-07-02T14:53:28.029937Z  INFO herdr::logging: herdr starting event="app.startup" subsystem="client" outcome="started" pid=2900
2026-07-02T14:53:28.030412Z  INFO herdr::client: connecting to server path=C:\Users\rnldc_kvkk1y2\AppData\Roaming\herdr\herdr-client.sock
2026-07-02T14:53:28.167776Z  INFO herdr::client: handshake succeeded version=14 encoding=SemanticFrame
2026-07-02T18:35:23.314072Z  INFO herdr::logging: herdr starting event="app.startup" subsystem="client" outcome="started" pid=26044
2026-07-02T18:35:23.314503Z  INFO herdr::client: connecting to server path=C:\Users\rnldc_kvkk1y2\AppData\Roaming\herdr\herdr-client.sock
2026-07-02T18:35:23.335159Z  INFO herdr::client: handshake succeeded version=14 encoding=SemanticFrame
2026-07-02T18:38:03.151540Z  INFO herdr::logging: herdr starting event="app.startup" subsystem="client" outcome="started" pid=27120
2026-07-02T18:38:03.151571Z  INFO herdr::client: connecting to server path=C:\Users\rnldc_kvkk1y2\AppData\Roaming\herdr\herdr-client.sock
2026-07-02T18:38:03.151798Z  INFO herdr::client: handshake succeeded version=14 encoding=SemanticFrame
2026-07-02T18:38:07.354307Z  INFO herdr::logging: herdr exiting event="app.shutdown" subsystem="client" outcome="completed" pid=27120
2026-07-02T18:39:02.090549Z  INFO herdr::logging: herdr starting event="app.startup" subsystem="client" outcome="started" pid=26048
2026-07-02T18:39:02.090764Z  INFO herdr::client: connecting to server path=C:\Users\rnldc_kvkk1y2\AppData\Roaming\herdr\herdr-client.sock
2026-07-02T18:39:02.154811Z  INFO herdr::client: handshake succeeded version=14 encoding=SemanticFrame
2026-07-02T18:39:28.019144Z  INFO herdr::logging: herdr starting event="app.startup" subsystem="client" outcome="started" pid=23156
2026-07-02T18:39:28.019373Z  INFO herdr::client: connecting to server path=C:\Users\rnldc_kvkk1y2\AppData\Roaming\herdr\herdr-client.sock
2026-07-02T18:39:28.049744Z  INFO herdr::client: handshake succeeded version=14 encoding=SemanticFrame
2026-07-02T18:40:44.605442Z  INFO herdr::logging: herdr starting event="app.startup" subsystem="client" outcome="started" pid=22668
2026-07-02T18:40:44.605670Z  INFO herdr::client: connecting to server path=C:\Users\rnldc_kvkk1y2\AppData\Roaming\herdr\herdr-client.sock
2026-07-02T18:40:44.637289Z  INFO herdr::client: handshake succeeded version=14 encoding=SemanticFrame
2026-07-03T15:46:36.883890Z  INFO herdr::logging: herdr starting event="app.startup" subsystem="client" outcome="started" pid=12952
2026-07-03T15:46:36.884630Z  INFO herdr::client: connecting to server path=C:\Users\rnldc_kvkk1y2\AppData\Roaming\herdr\herdr-client.sock
2026-07-03T15:46:36.886967Z  INFO herdr::client: handshake succeeded version=14 encoding=SemanticFrame
